################################################################################
#                                                                              #
#      IAR Universal Linker V4.59Z/386                                         #
#                                                                              #
#           Link time     =  23/Sep/2006  06:05:21                             #
#           Target CPU    =  ARM                                               #
#           List file     =  "C:\Documents and Settings\user\My Documents\BOAR #
#                            D\ATSAM7_ACCELERATOR\ATMEL_USB_MOUSE\AT91SAM7S-Ba #
#                            sicMouseUSB\compil\RAM_Debug\List\USB.map"        #
#           Output file 1 =  "C:\Documents and Settings\user\My Documents\BOAR #
#                            D\ATSAM7_ACCELERATOR\ATMEL_USB_MOUSE\AT91SAM7S-Ba #
#                            sicMouseUSB\compil\RAM_Debug\Exe\USB.d79"         #
#                            Format: debug                                     #
#                            UBROF version 10.0.2                              #
#                            Using library modules for C-SPY (-rt)             #
#           Command line  =  "C:\Documents and Settings\user\My Documents\BOAR #
#                            D\ATSAM7_ACCELERATOR\ATMEL_USB_MOUSE\AT91SAM7S-Ba #
#                            sicMouseUSB\compil\RAM_Debug\Obj\Cstartup.r79"    #
#                            "C:\Documents and Settings\user\My Documents\BOAR #
#                            D\ATSAM7_ACCELERATOR\ATMEL_USB_MOUSE\AT91SAM7S-Ba #
#                            sicMouseUSB\compil\RAM_Debug\Obj\Cstartup_SAM7.r7 #
#                            9"                                                #
#                            "C:\Documents and Settings\user\My Documents\BOAR #
#                            D\ATSAM7_ACCELERATOR\ATMEL_USB_MOUSE\AT91SAM7S-Ba #
#                            sicMouseUSB\compil\RAM_Debug\Obj\dbgu.r79"        #
#                            "C:\Documents and Settings\user\My Documents\BOAR #
#                            D\ATSAM7_ACCELERATOR\ATMEL_USB_MOUSE\AT91SAM7S-Ba #
#                            sicMouseUSB\compil\RAM_Debug\Obj\hid_enumerate.r7 #
#                            9"                                                #
#                            "C:\Documents and Settings\user\My Documents\BOAR #
#                            D\ATSAM7_ACCELERATOR\ATMEL_USB_MOUSE\AT91SAM7S-Ba #
#                            sicMouseUSB\compil\RAM_Debug\Obj\main.r79"        #
#                            -o                                                #
#                            "C:\Documents and Settings\user\My Documents\BOAR #
#                            D\ATSAM7_ACCELERATOR\ATMEL_USB_MOUSE\AT91SAM7S-Ba #
#                            sicMouseUSB\compil\RAM_Debug\Exe\USB.d79"         #
#                            -l                                                #
#                            "C:\Documents and Settings\user\My Documents\BOAR #
#                            D\ATSAM7_ACCELERATOR\ATMEL_USB_MOUSE\AT91SAM7S-Ba #
#                            sicMouseUSB\compil\RAM_Debug\List\USB.map"        #
#                            -xmsn                                             #
#                            "-IC:\Program Files\IAR Systems\Embedded Workbenc #
#                            h 4.0\arm\LIB\"                                   #
#                            -f                                                #
#                            "C:\Documents and Settings\user\My Documents\BOAR #
#                            D\ATSAM7_ACCELERATOR\ATMEL_USB_MOUSE\AT91SAM7S-Ba #
#                            sicMouseUSB\compil\resource\at91SAM7S64_16KRAM.xc #
#                            l"                                                #
#                            (-carm -Z(CONST)INTRAMSTART_REMAP=00000000        #
#                            -Z(CONST)INTRAMEND_REMAP=00003FFF                 #
#                            -DROMSTART=00000000 -DROMEND=0000FFFF             #
#                            -DRAMSTART=00000000 -DRAMEND=00003FFF             #
#                            -Z(CODE)INTVEC=00-3F                              #
#                            -Z(CODE)ICODE,DIFUNCT=ROMSTART-ROMEND             #
#                            -Z(CODE)SWITAB=ROMSTART-ROMEND                    #
#                            -Z(CODE)CODE=ROMSTART-ROMEND                      #
#                            -Z(CONST)INITTAB,DATA_ID,DATA_C=ROMSTART-ROMEND   #
#                            -Z(CONST)CHECKSUM=ROMSTART-ROMEND                 #
#                            -Z(DATA)DATA_I,DATA_Z,DATA_N=RAMSTART-RAMEND      #
#                            -Z(DATA)CODE_I=RAMSTART-RAMEND                    #
#                            -Z(CONST)CODE_ID=ROMSTART-ROMEND                  #
#                            -QCODE_I=CODE_ID                                  #
#                            -Z(CODE)INTERNAL=ROMSTART-ROMEND                  #
#                            -Z(DATA)INTERNAL_I=RAMSTART-RAMEND                #
#                            -Z(CONST)INTERNAL_ID=ROMSTART-ROMEND              #
#                            -QINTERNAL_I=INTERNAL_ID -D_CSTACK_SIZE=(100*4)   #
#                            -D_IRQ_STACK_SIZE=(2*8*4)                         #
#                            -Z(DATA)CSTACK+_CSTACK_SIZE=RAMSTART-RAMEND       #
#                            -Z(DATA)IRQ_STACK+_IRQ_STACK_SIZE=RAMSTART-RAMEND) #
#                            -e_PrintfTiny=_Printf -e_ScanfSmall=_Scanf -rt    #
#                            "C:\Program Files\IAR Systems\Embedded Workbench  #
#                            4.0\arm\LIB\dl4tptinl8n.r79"                      #
#                                                                              #
#                        Copyright 1987-2006 IAR Systems. All rights reserved. #
################################################################################





                ****************************************
                *                                      *
                *           CROSS REFERENCE            *
                *                                      *
                ****************************************

                  There are no program entries.




                ****************************************
                *                                      *
                *            RUNTIME MODEL             *
                *                                      *
                ****************************************

  StackAlign4            = USED
  StackAlign8            = USED
  __cpu_mode             = __pcs__interwork
  __data_model           = absolute
  __dlib_file_descriptor = 0
  __endian               = little
  __rt_version           = 6



                ****************************************
                *                                      *
                *              MODULE MAP              *
                *                                      *
                ****************************************


  DEFINED ABSOLUTE ENTRIES
    *************************************************************************

  DEFINED ABSOLUTE ENTRIES
  PROGRAM MODULE, NAME : ?ABS_ENTRY_MOD

Absolute parts
           ENTRY                   ADDRESS         REF BY
           =====                   =======         ======
           _IRQ_STACK_SIZE         00000040 
           _CSTACK_SIZE            00000400 
           RAMEND                  00003FFF 
           RAMSTART                00000000 
           ROMEND                  0000FFFF 
           ROMSTART                00000000 
    *************************************************************************

  FILE NAME : C:\Documents and Settings\user\My Documents\BOARD\ATSAM7_ACCELERATOR\ATMEL_USB_MOUSE\AT91SAM7S-BasicMouseUSB\compil\RAM_Debug\Obj\Cstartup.r79
  PROGRAM MODULE, NAME : ?RESET

  SEGMENTS IN THE MODULE
  ======================
INTRAMSTART_REMAP
  Relative segment, address: 00000000, align: 2
  Segment part 0. ROOT.
    -------------------------------------------------------------------------
INTRAMEND_REMAP
  Relative segment, address: 00004000, align: 2
  Segment part 1. ROOT.
    -------------------------------------------------------------------------
ICODE
  Relative segment, address: 00000000 - 000000F3 (0xf4 bytes), align: 2
  Segment part 2. ROOT.
           ENTRY                   ADDRESS         REF BY
           =====                   =======         ======
           __main                  00000088 
           AT91F_Default_FIQ_handler
                                   000000D0        AT91F_LowLevelInit (Cstartup_SAM7)
           AT91F_Default_IRQ_handler
                                   000000D4        AT91F_LowLevelInit (Cstartup_SAM7)
           AT91F_Spurious_handler
                                   000000D8        AT91F_LowLevelInit (Cstartup_SAM7)
           LOCAL                   ADDRESS         
           =====                   =======         
           reset                   00000000 
           InitReset               00000044 
           undefvec                00000004 
           swivec                  00000008 
           pabtvec                 0000000C 
           dabtvec                 00000010 
           rsvdvec                 00000014 
           irqvec                  00000018 
           IRQ_Handler_Entry       00000090 
           fiqvec                  0000001C 
           FIQ_Handler_Entry       0000001C 
           ?jump_to_main           00000080 
           ?call_exit              0000008C 
           End                     0000008C 
           _?0                     000000DC 
           _?1                     000000E0 
           _?2                     000000E4 
           _?3                     000000E8 
           _?4                     000000EC 
           _?5                     000000F0 

    *************************************************************************

  FILE NAME : C:\Documents and Settings\user\My Documents\BOARD\ATSAM7_ACCELERATOR\ATMEL_USB_MOUSE\AT91SAM7S-BasicMouseUSB\compil\RAM_Debug\Obj\Cstartup_SAM7.r79
  PROGRAM MODULE, NAME : Cstartup_SAM7

  SEGMENTS IN THE MODULE
  ======================
ICODE
  Relative segment, address: 000000F4 - 00000173 (0x80 bytes), align: 2
  Segment part 2.
           ENTRY                   ADDRESS         REF BY
           =====                   =======         ======
           AT91F_LowLevelInit      000000F5        Segment part 2 (?RESET)
               stack 1 = 00000000 ( 00000008 )

    *************************************************************************

  FILE NAME : C:\Documents and Settings\user\My Documents\BOARD\ATSAM7_ACCELERATOR\ATMEL_USB_MOUSE\AT91SAM7S-BasicMouseUSB\compil\RAM_Debug\Obj\dbgu.r79
  PROGRAM MODULE, NAME : dbgu

  SEGMENTS IN THE MODULE
  ======================
CODE
  Relative segment, address: 000001B0 - 000001B3 (0x4 bytes), align: 2
  Segment part 18.            Intra module refs:   AT91F_USB_Open (main)
           ENTRY                   ADDRESS         REF BY
           =====                   =======         ======
           AT91F_PIO_SetOutput     000001B1 

    *************************************************************************

  FILE NAME : C:\Documents and Settings\user\My Documents\BOARD\ATSAM7_ACCELERATOR\ATMEL_USB_MOUSE\AT91SAM7S-BasicMouseUSB\compil\RAM_Debug\Obj\hid_enumerate.r79
  PROGRAM MODULE, NAME : hid_enumerate

  SEGMENTS IN THE MODULE
  ======================
DATA_C
  Relative segment, address: 00000CD4 - 00000D07 (0x34 bytes), align: 2
  Segment part 2.             Intra module refs:   AT91F_HID_Enumerate
           ENTRY                   ADDRESS         REF BY
           =====                   =======         ======
           mouseDescriptor         00000CD4 
    -------------------------------------------------------------------------
DATA_C
  Relative segment, address: 00000D08 - 00000D1B (0x14 bytes), align: 2
  Segment part 3.             Intra module refs:   AT91F_HID_Enumerate
           ENTRY                   ADDRESS         REF BY
           =====                   =======         ======
           devDescriptor           00000D08 
    -------------------------------------------------------------------------
DATA_C
  Relative segment, address: 00000D1C - 00000D3F (0x24 bytes), align: 2
  Segment part 4.             Intra module refs:   AT91F_HID_Enumerate
           ENTRY                   ADDRESS         REF BY
           =====                   =======         ======
           cfgDescriptor           00000D1C 
    -------------------------------------------------------------------------
CODE
  Relative segment, address: 000001B4 - 000001CB (0x18 bytes), align: 2
  Segment part 6.
           ENTRY                   ADDRESS         REF BY
           =====                   =======         ======
           AT91F_HID_Open          000001B5        AT91F_USB_Open (main)
    -------------------------------------------------------------------------
CODE
  Relative segment, address: 000001CC - 00000215 (0x4a bytes), align: 2
  Segment part 8.             Intra module refs:   AT91F_HID_Open
                                                   AT91F_HID_SendReport
           LOCAL                   ADDRESS         
           =====                   =======         
           AT91F_UDP_IsConfigured
                                   000001CD 
               stack 1 = 00000000 ( 00000010 )
    -------------------------------------------------------------------------
CODE
  Relative segment, address: 00000218 - 00000267 (0x50 bytes), align: 2
  Segment part 10.            Intra module refs:   AT91F_HID_Open
           LOCAL                   ADDRESS         
           =====                   =======         
           AT91F_HID_SendReport    00000219 
               stack 1 = 00000000 ( 00000018 )
    -------------------------------------------------------------------------
CODE
  Relative segment, address: 00000268 - 000002E1 (0x7a bytes), align: 2
  Segment part 12.            Intra module refs:   AT91F_HID_Enumerate
           LOCAL                   ADDRESS         
           =====                   =======         
           AT91F_USB_SendData      00000269 
               stack 1 = 00000000 ( 00000010 )
    -------------------------------------------------------------------------
CODE
  Relative segment, address: 000002E4 - 00000305 (0x22 bytes), align: 2
  Segment part 14.            Intra module refs:   AT91F_HID_Enumerate
           ENTRY                   ADDRESS         REF BY
           =====                   =======         ======
           AT91F_USB_SendZlp       000002E5 
               stack 1 = 00000000 ( 00000004 )
    -------------------------------------------------------------------------
CODE
  Relative segment, address: 00000308 - 0000032B (0x24 bytes), align: 2
  Segment part 16.            Intra module refs:   AT91F_HID_Enumerate
           ENTRY                   ADDRESS         REF BY
           =====                   =======         ======
           AT91F_USB_SendStall     00000309 
               stack 1 = 00000000 ( 00000004 )
    -------------------------------------------------------------------------
CODE
  Relative segment, address: 0000032C - 00000677 (0x34c bytes), align: 2
  Segment part 18.            Intra module refs:   AT91F_UDP_IsConfigured
           LOCAL                   ADDRESS         
           =====                   =======         
           AT91F_HID_Enumerate     0000032D 
               stack 1 = 00000000 ( 0000001C )

    *************************************************************************

  FILE NAME : C:\Documents and Settings\user\My Documents\BOARD\ATSAM7_ACCELERATOR\ATMEL_USB_MOUSE\AT91SAM7S-BasicMouseUSB\compil\RAM_Debug\Obj\main.r79
  PROGRAM MODULE, NAME : main

  SEGMENTS IN THE MODULE
  ======================
CODE
  Relative segment, address: 00000678 - 0000067B (0x4 bytes), align: 2
  Segment part 40.            Intra module refs:   AT91F_PIOA_CfgPMC
           ENTRY                   ADDRESS         REF BY
           =====                   =======         ======
           AT91F_PMC_EnablePeriphClock
                                   00000679 
    -------------------------------------------------------------------------
CODE
  Relative segment, address: 0000067C - 0000067F (0x4 bytes), align: 2
  Segment part 41.            Intra module refs:   GetCoordinates
           ENTRY                   ADDRESS         REF BY
           =====                   =======         ======
           AT91F_ADC_GetStatus     0000067D 
    -------------------------------------------------------------------------
CODE
  Relative segment, address: 00000680 - 00000683 (0x4 bytes), align: 2
  Segment part 42.            Intra module refs:   ADCInit
           ENTRY                   ADDRESS         REF BY
           =====                   =======         ======
           AT91F_ADC_CfgModeReg    00000681 
    -------------------------------------------------------------------------
CODE
  Relative segment, address: 00000684 - 00000687 (0x4 bytes), align: 2
  Segment part 43.            Intra module refs:   ADCInit
           ENTRY                   ADDRESS         REF BY
           =====                   =======         ======
           AT91F_ADC_EnableChannel
                                   00000685 
    -------------------------------------------------------------------------
CODE
  Relative segment, address: 00000688 - 0000068D (0x6 bytes), align: 2
  Segment part 44.            Intra module refs:   GetCoordinates
           ENTRY                   ADDRESS         REF BY
           =====                   =======         ======
           AT91F_ADC_StartConversion
                                   00000689 
    -------------------------------------------------------------------------
CODE
  Relative segment, address: 00000690 - 00000695 (0x6 bytes), align: 2
  Segment part 45.            Intra module refs:   ADCInit
           ENTRY                   ADDRESS         REF BY
           =====                   =======         ======
           AT91F_ADC_SoftReset     00000691 
    -------------------------------------------------------------------------
CODE
  Relative segment, address: 00000698 - 0000069B (0x4 bytes), align: 2
  Segment part 46.            Intra module refs:   GetCoordinates
           ENTRY                   ADDRESS         REF BY
           =====                   =======         ======
           AT91F_ADC_GetConvertedDataCH4
                                   00000699 
    -------------------------------------------------------------------------
CODE
  Relative segment, address: 0000069C - 0000069F (0x4 bytes), align: 2
  Segment part 47.            Intra module refs:   GetCoordinates
           ENTRY                   ADDRESS         REF BY
           =====                   =======         ======
           AT91F_ADC_GetConvertedDataCH5
                                   0000069D 
    -------------------------------------------------------------------------
CODE
  Relative segment, address: 000006A0 - 000006A3 (0x4 bytes), align: 2
  Segment part 48.            Intra module refs:   GetCoordinates
           ENTRY                   ADDRESS         REF BY
           =====                   =======         ======
           AT91F_ADC_GetConvertedDataCH6
                                   000006A1 
    -------------------------------------------------------------------------
CODE
  Relative segment, address: 000006A4 - 000006A9 (0x6 bytes), align: 2
  Segment part 49.            Intra module refs:   AT91F_USB_Open
           ENTRY                   ADDRESS         REF BY
           =====                   =======         ======
           AT91F_PIO_CfgOutput     000006A5 
    -------------------------------------------------------------------------
CODE
  Relative segment, address: 000006AC - 000006BF (0x14 bytes), align: 2
  Segment part 51.            Intra module refs:   main
           ENTRY                   ADDRESS         REF BY
           =====                   =======         ======
           AT91F_PIOA_CfgPMC       000006AD 
               stack 1 = 00000000 ( 00000004 )
    -------------------------------------------------------------------------
DATA_Z
  Relative segment, address: 00000DA4 - 00000DA4 (0x1 bytes), align: 0
  Segment part 5.             Intra module refs:   GetCoordinates
           ENTRY                   ADDRESS         REF BY
           =====                   =======         ======
           n                       00000DA4 
    -------------------------------------------------------------------------
DATA_Z
  Relative segment, address: 00000D74 - 00000D77 (0x4 bytes), align: 2
  Segment part 6.             Intra module refs:   main
           ENTRY                   ADDRESS         REF BY
           =====                   =======         ======
           j                       00000D74 
    -------------------------------------------------------------------------
DATA_Z
  Relative segment, address: 00000D78 - 00000D7B (0x4 bytes), align: 2
  Segment part 7.             Intra module refs:   write_report_USART0
           ENTRY                   ADDRESS         REF BY
           =====                   =======         ======
           tmp_x                   00000D78 
    -------------------------------------------------------------------------
DATA_Z
  Relative segment, address: 00000D7C - 00000D7F (0x4 bytes), align: 2
  Segment part 8.             Intra module refs:   write_report_USART0
           ENTRY                   ADDRESS         REF BY
           =====                   =======         ======
           tmp_y                   00000D7C 
    -------------------------------------------------------------------------
DATA_Z
  Relative segment, address: 00000D80 - 00000D83 (0x4 bytes), align: 2
  Segment part 9.             Intra module refs:   write_report_USART0
           ENTRY                   ADDRESS         REF BY
           =====                   =======         ======
           tmp_z                   00000D80 
    -------------------------------------------------------------------------
DATA_Z
  Relative segment, address: 00000DA5 - 00000DA5 (0x1 bytes), align: 0
  Segment part 10.            Intra module refs:   write_report_USART0
           ENTRY                   ADDRESS         REF BY
           =====                   =======         ======
           num_1                   00000DA5 
    -------------------------------------------------------------------------
DATA_Z
  Relative segment, address: 00000DA6 - 00000DA6 (0x1 bytes), align: 0
  Segment part 11.            Intra module refs:   write_report_USART0
           ENTRY                   ADDRESS         REF BY
           =====                   =======         ======
           num_2                   00000DA6 
    -------------------------------------------------------------------------
DATA_Z
  Relative segment, address: 00000DA7 - 00000DA7 (0x1 bytes), align: 0
  Segment part 12.            Intra module refs:   write_report_USART0
           ENTRY                   ADDRESS         REF BY
           =====                   =======         ======
           num_3                   00000DA7 
    -------------------------------------------------------------------------
DATA_Z
  Relative segment, address: 00000DA8 - 00000DA8 (0x1 bytes), align: 0
  Segment part 13.            Intra module refs:   write_report_USART0
           ENTRY                   ADDRESS         REF BY
           =====                   =======         ======
           num_4                   00000DA8 
    -------------------------------------------------------------------------
DATA_Z
  Relative segment, address: 00000D84 - 00000D93 (0x10 bytes), align: 2
  Segment part 14.            Intra module refs:   Segment part 70
                                                   Segment part 71
                                                   Segment part 73
           ENTRY                   ADDRESS         REF BY
           =====                   =======         ======
           Coordinates             00000D84 
    -------------------------------------------------------------------------
DATA_Z
  Relative segment, address: 00000D94 - 00000DA3 (0x10 bytes), align: 2
  Segment part 15.            Intra module refs:   AT91F_USB_Open
           ENTRY                   ADDRESS         REF BY
           =====                   =======         ======
           HID                     00000D94 
    -------------------------------------------------------------------------
CODE
  Relative segment, address: 000006C0 - 00000717 (0x58 bytes), align: 2
  Segment part 53.            Intra module refs:   main
           ENTRY                   ADDRESS         REF BY
           =====                   =======         ======
           AT91F_USB_Open          000006C1 
               stack 1 = 00000000 ( 00000004 )
    -------------------------------------------------------------------------
DATA_I
  Relative segment, address: 00000D58 - 00000D5B (0x4 bytes), align: 2
  Segment part 18.            Intra module refs:   InitMMA
           ENTRY                   ADDRESS         REF BY
           =====                   =======         ======
           a_pPMC                  00000D58 
    -------------------------------------------------------------------------
DATA_I
  Relative segment, address: 00000D5C - 00000D5F (0x4 bytes), align: 2
  Segment part 20.            Intra module refs:   InitMMA
           ENTRY                   ADDRESS         REF BY
           =====                   =======         ======
           a_pPio                  00000D5C 
    -------------------------------------------------------------------------
DATA_I
  Relative segment, address: 00000D60 - 00000D63 (0x4 bytes), align: 2
  Segment part 22.            Intra module refs:   InitMMA
           ENTRY                   ADDRESS         REF BY
           =====                   =======         ======
           a_pSys                  00000D60 
    -------------------------------------------------------------------------
DATA_I
  Relative segment, address: 00000D64 - 00000D67 (0x4 bytes), align: 2
  Segment part 24.            Intra module refs:   InitUSART0
           ENTRY                   ADDRESS         REF BY
           =====                   =======         ======
           u_pPio                  00000D64 
    -------------------------------------------------------------------------
DATA_I
  Relative segment, address: 00000D68 - 00000D6B (0x4 bytes), align: 2
  Segment part 26.            Intra module refs:   InitUSART0
           ENTRY                   ADDRESS         REF BY
           =====                   =======         ======
           u_pPMC                  00000D68 
    -------------------------------------------------------------------------
DATA_I
  Relative segment, address: 00000D6C - 00000D6F (0x4 bytes), align: 2
  Segment part 28.            Intra module refs:   Segment part 60
           ENTRY                   ADDRESS         REF BY
           =====                   =======         ======
           u_pUSART0               00000D6C 
    -------------------------------------------------------------------------
DATA_I
  Relative segment, address: 00000D70 - 00000D73 (0x4 bytes), align: 2
  Segment part 32.            Intra module refs:   InitUSART0
           ENTRY                   ADDRESS         REF BY
           =====                   =======         ======
           u_pPDC0                 00000D70 
    -------------------------------------------------------------------------
CODE
  Relative segment, address: 00000718 - 00000723 (0xc bytes), align: 2
  Segment part 55.            Intra module refs:   InitMMA
                                                   main
           ENTRY                   ADDRESS         REF BY
           =====                   =======         ======
           Delay                   00000719 
               stack 1 = 00000000 ( 00000004 )
    -------------------------------------------------------------------------
CODE
  Relative segment, address: 00000724 - 0000077F (0x5c bytes), align: 2
  Segment part 57.            Intra module refs:   main
           ENTRY                   ADDRESS         REF BY
           =====                   =======         ======
           InitUSART0              00000725 
    -------------------------------------------------------------------------
CODE
  Relative segment, address: 00000780 - 00000799 (0x1a bytes), align: 2
  Segment part 59.            Intra module refs:   write_report_USART0
                                                   write_str_USART0
           ENTRY                   ADDRESS         REF BY
           =====                   =======         ======
           write_char_USART0       00000781 
               stack 1 = 00000000 ( 00000004 )
    -------------------------------------------------------------------------
CODE
  Relative segment, address: 0000079C - 0000079F (0x4 bytes), align: 2
  Segment part 60.            Intra module refs:   InitUSART0
                                                   write_char_USART0
    -------------------------------------------------------------------------
CODE
  Relative segment, address: 000007A0 - 000007BD (0x1e bytes), align: 2
  Segment part 62.            Intra module refs:   write_report_USART0
           ENTRY                   ADDRESS         REF BY
           =====                   =======         ======
           write_str_USART0        000007A1 
               stack 1 = 00000000 ( 0000000C )
    -------------------------------------------------------------------------
CODE
  Relative segment, address: 000007C0 - 000009E7 (0x228 bytes), align: 2
  Segment part 64.            Intra module refs:   main
           ENTRY                   ADDRESS         REF BY
           =====                   =======         ======
           write_report_USART0     000007C1 
               stack 1 = 00000000 ( 00000004 )
    -------------------------------------------------------------------------
CODE
  Relative segment, address: 000009E8 - 000009EB (0x4 bytes), align: 2
  Segment part 65.            Intra module refs:   write_report_USART0
    -------------------------------------------------------------------------
CODE
  Relative segment, address: 000009EC - 00000A1B (0x30 bytes), align: 2
  Segment part 67.            Intra module refs:   main
           ENTRY                   ADDRESS         REF BY
           =====                   =======         ======
           ADCInit                 000009ED 
               stack 1 = 00000000 ( 00000004 )
    -------------------------------------------------------------------------
CODE
  Relative segment, address: 00000A1C - 00000AB3 (0x98 bytes), align: 2
  Segment part 69.            Intra module refs:   main
           ENTRY                   ADDRESS         REF BY
           =====                   =======         ======
           GetCoordinates          00000A1D 
               stack 1 = 00000000 ( 00000008 )
    -------------------------------------------------------------------------
CODE
  Relative segment, address: 00000AB4 - 00000AB7 (0x4 bytes), align: 2
  Segment part 70.            Intra module refs:   GetCoordinates
                                                   write_report_USART0
    -------------------------------------------------------------------------
CODE
  Relative segment, address: 00000AB8 - 00000ABB (0x4 bytes), align: 2
  Segment part 71.            Intra module refs:   GetCoordinates
                                                   write_report_USART0
    -------------------------------------------------------------------------
CODE
  Relative segment, address: 00000ABC - 00000ABF (0x4 bytes), align: 2
  Segment part 72.            Intra module refs:   ADCInit
                                                   GetCoordinates
    -------------------------------------------------------------------------
CODE
  Relative segment, address: 00000AC0 - 00000AC3 (0x4 bytes), align: 2
  Segment part 73.            Intra module refs:   GetCoordinates
                                                   write_report_USART0
    -------------------------------------------------------------------------
CODE
  Relative segment, address: 00000AC4 - 00000B2F (0x6c bytes), align: 2
  Segment part 75.            Intra module refs:   main
           ENTRY                   ADDRESS         REF BY
           =====                   =======         ======
           InitMMA                 00000AC5 
               stack 1 = 00000000 ( 00000004 )
    -------------------------------------------------------------------------
CODE
  Relative segment, address: 00000B30 - 00000B7F (0x50 bytes), align: 2
  Segment part 77.
           ENTRY                   ADDRESS         REF BY
           =====                   =======         ======
           main                    00000B31        Segment part 2 (?RESET)
               stack 1 = 00000000 ( 00000004 )
    -------------------------------------------------------------------------
CODE
  Relative segment, address: 00000B80 - 00000B83 (0x4 bytes), align: 2
  Segment part 78.            Intra module refs:   main
    -------------------------------------------------------------------------
DATA_ID
  Relative segment, address: 00000CB8 - 00000CBB (0x4 bytes), align: 2
  Segment part 19.            Intra module refs:   a_pPMC
    -------------------------------------------------------------------------
DATA_ID
  Relative segment, address: 00000CBC - 00000CBF (0x4 bytes), align: 2
  Segment part 21.            Intra module refs:   a_pPio
    -------------------------------------------------------------------------
DATA_ID
  Relative segment, address: 00000CC0 - 00000CC3 (0x4 bytes), align: 2
  Segment part 23.            Intra module refs:   a_pSys
    -------------------------------------------------------------------------
DATA_ID
  Relative segment, address: 00000CC4 - 00000CC7 (0x4 bytes), align: 2
  Segment part 25.            Intra module refs:   u_pPio
    -------------------------------------------------------------------------
DATA_ID
  Relative segment, address: 00000CC8 - 00000CCB (0x4 bytes), align: 2
  Segment part 27.            Intra module refs:   u_pPMC
    -------------------------------------------------------------------------
DATA_ID
  Relative segment, address: 00000CCC - 00000CCF (0x4 bytes), align: 2
  Segment part 29.            Intra module refs:   u_pUSART0
    -------------------------------------------------------------------------
DATA_ID
  Relative segment, address: 00000CD0 - 00000CD3 (0x4 bytes), align: 2
  Segment part 33.            Intra module refs:   u_pPDC0
    -------------------------------------------------------------------------
INITTAB
  Relative segment, address: 00000CA0 - 00000CAB (0xc bytes), align: 2
  Segment part 94. ROOT.
           ENTRY                   ADDRESS         REF BY
           =====                   =======         ======
           ?init?tab?DATA_I        00000CA0 
    -------------------------------------------------------------------------
INITTAB
  Relative segment, address: 00000CAC - 00000CB7 (0xc bytes), align: 2
  Segment part 95. ROOT.
           ENTRY                   ADDRESS         REF BY
           =====                   =======         ======
           ?init?tab?DATA_Z        00000CAC 
    -------------------------------------------------------------------------
DATA_C
  Relative segment, address: 00000D40 - 00000D47 (0x8 bytes), align: 2
  Segment part 2.             Intra module refs:   write_report_USART0
    -------------------------------------------------------------------------
DATA_C
  Relative segment, address: 00000D48 - 00000D4F (0x8 bytes), align: 2
  Segment part 3.             Intra module refs:   write_report_USART0
    -------------------------------------------------------------------------
DATA_C
  Relative segment, address: 00000D50 - 00000D57 (0x8 bytes), align: 2
  Segment part 4.             Intra module refs:   write_report_USART0

    *************************************************************************

  FILE NAME : C:\Program Files\IAR Systems\Embedded Workbench 4.0\arm\LIB\dl4tptinl8n.r79
  LIBRARY MODULE, NAME : ?segment_init

  SEGMENTS IN THE MODULE
  ======================
ICODE
  Relative segment, address: 00000174 - 000001AF (0x3c bytes), align: 2
  Segment part 2.
           ENTRY                   ADDRESS         REF BY
           =====                   =======         ======
           __segment_init          00000175        Segment part 2 (?RESET)
               stack 1 = 00000000 ( 00000018 )

    -------------------------------------------------------------------------
  LIBRARY MODULE, NAME : ?memcpy

  SEGMENTS IN THE MODULE
  ======================
CODE
  Relative segment, address: 00000B84 - 00000B9D (0x1a bytes), align: 2
  Segment part 3.
           ENTRY                   ADDRESS         REF BY
           =====                   =======         ======
           memcpy                  00000B85        __segment_init (?segment_init)
               stack 1 = 00000000 ( 00000008 )

    -------------------------------------------------------------------------
  LIBRARY MODULE, NAME : ?memset

  SEGMENTS IN THE MODULE
  ======================
CODE
  Relative segment, address: 00000BA0 - 00000BB7 (0x18 bytes), align: 2
  Segment part 3.
           ENTRY                   ADDRESS         REF BY
           =====                   =======         ======
           memset                  00000BA1        __segment_init (?segment_init)
               stack 1 = 00000000 ( 00000008 )

    -------------------------------------------------------------------------
  LIBRARY MODULE, NAME : ?div_module

  SEGMENTS IN THE MODULE
  ======================
CODE
  Relative segment, address: 00000BB8 - 00000BBB (0x4 bytes), align: 2
  Segment part 4.
           ENTRY                   ADDRESS         REF BY
           =====                   =======         ======
           ??divu32_t              00000BB9        write_report_USART0 (main)
    -------------------------------------------------------------------------
CODE
  Relative segment, address: 00000BBC - 00000BC7 (0xc bytes), align: 2
  Segment part 5.             Intra module refs:   ??divu32_t
           ENTRY                   ADDRESS         REF BY
           =====                   =======         ======
           ??divu32_a              00000BBC 
    -------------------------------------------------------------------------
CODE
  Relative segment, address: 00000BC8 - 00000C9F (0xd8 bytes), align: 2
  Segment part 12.            Intra module refs:   ??divu32_a




                ****************************************
                *                                      *
                *            MODULE SUMMARY            *
                *                                      *
                ****************************************

Module            CODE   DATA  CONST
------            ----   ----  -----
                 (Rel)  (Rel)  (Rel)
?RESET             244
?div_module        232
?memcpy             26
?memset             24
?segment_init       60
Cstartup_SAM7      128
dbgu
  + shared           4
hid_enumerate    1 220           108
main             1 292     81     64
  + shared                        12
N/A (alignment)      2
------           -----     --    ---
Total:           3 232     81    184


                ****************************************
                *                                      *
                *      SEGMENTS IN ADDRESS ORDER       *
                *                                      *
                ****************************************


SEGMENT              SPACE    START ADDRESS   END ADDRESS     SIZE  TYPE  ALIGN
=======              =====    =============   ===========     ====  ====  =====
INTRAMSTART_REMAP                       00000000                     rel    2
ICODE                              00000000 - 000001AF         1B0   rel    2
CODE                               000001B0 - 00000C9F         AF0   rel    2
INITTAB                            00000CA0 - 00000CB7          18   rel    2
DATA_ID                            00000CB8 - 00000CD3          1C   rel    2
DATA_C                             00000CD4 - 00000D57          84   rel    2
DATA_I                             00000D58 - 00000D73          1C   rel    2
DATA_Z                             00000D74 - 00000DA8          35   rel    2
INTRAMEND_REMAP                         00004000                     rel    2

                ****************************************
                *                                      *
                *        END OF CROSS REFERENCE        *
                *                                      *
                ****************************************

 3 232 bytes of CODE  memory
    81 bytes of DATA  memory
   184 bytes of CONST memory

Errors: none
Warnings: none

