################################################################################
#                                                                              #
#      IAR Universal Linker V4.59N/386                                         #
#                                                                              #
#           Link time     =  22/Jun/2006  04:40:01                             #
#           Target CPU    =  ARM                                               #
#           List file     =  "C:\Documents and Settings\user\My Documents\Test #
#                            Board\AT91SAM7_P64_A\ATMEL_USB_MOUSE\AT91SAM7S-Ba #
#                            sicMouseUSB\compil\FLASH\List\USB.map"            #
#           Output file 1 =  "C:\Documents and Settings\user\My Documents\Test #
#                            Board\AT91SAM7_P64_A\ATMEL_USB_MOUSE\AT91SAM7S-Ba #
#                            sicMouseUSB\compil\FLASH\Exe\USB.d79"             #
#                            Format: debug                                     #
#                            UBROF version 10.0.2                              #
#                            Using library modules for C-SPY (-rt)             #
#           Output file 2 =  "C:\Documents and Settings\user\My Documents\Test #
#                            Board\AT91SAM7_P64_A\ATMEL_USB_MOUSE\AT91SAM7S-Ba #
#                            sicMouseUSB\compil\FLASH\Exe\USB.a79"             #
#                            Format: intel-extended                            #
#           Command line  =  "C:\Documents and Settings\user\My Documents\Test #
#                            Board\AT91SAM7_P64_A\ATMEL_USB_MOUSE\AT91SAM7S-Ba #
#                            sicMouseUSB\compil\FLASH\Obj\Cstartup.r79"        #
#                            "C:\Documents and Settings\user\My Documents\Test #
#                            Board\AT91SAM7_P64_A\ATMEL_USB_MOUSE\AT91SAM7S-Ba #
#                            sicMouseUSB\compil\FLASH\Obj\Cstartup_SAM7.r79"   #
#                            "C:\Documents and Settings\user\My Documents\Test #
#                            Board\AT91SAM7_P64_A\ATMEL_USB_MOUSE\AT91SAM7S-Ba #
#                            sicMouseUSB\compil\FLASH\Obj\dbgu.r79"            #
#                            "C:\Documents and Settings\user\My Documents\Test #
#                            Board\AT91SAM7_P64_A\ATMEL_USB_MOUSE\AT91SAM7S-Ba #
#                            sicMouseUSB\compil\FLASH\Obj\hid_enumerate.r79"   #
#                            "C:\Documents and Settings\user\My Documents\Test #
#                            Board\AT91SAM7_P64_A\ATMEL_USB_MOUSE\AT91SAM7S-Ba #
#                            sicMouseUSB\compil\FLASH\Obj\main.r79"            #
#                            -o                                                #
#                            "C:\Documents and Settings\user\My Documents\Test #
#                            Board\AT91SAM7_P64_A\ATMEL_USB_MOUSE\AT91SAM7S-Ba #
#                            sicMouseUSB\compil\FLASH\Exe\USB.d79"             #
#                            -l                                                #
#                            "C:\Documents and Settings\user\My Documents\Test #
#                            Board\AT91SAM7_P64_A\ATMEL_USB_MOUSE\AT91SAM7S-Ba #
#                            sicMouseUSB\compil\FLASH\List\USB.map"            #
#                            -xmsn                                             #
#                            "-IC:\Program Files\IAR Systems\Embedded Workbenc #
#                            h 4.0 Kickstart\arm\LIB\"                         #
#                            -f                                                #
#                            "C:\Documents and Settings\user\My Documents\Test #
#                            Board\AT91SAM7_P64_A\ATMEL_USB_MOUSE\AT91SAM7S-Ba #
#                            sicMouseUSB\compil\resource\at91SAM7S64_NoRemap.x #
#                            cl"                                               #
#                            (-carm -Z(CONST)INTRAMSTART_REMAP=00200000        #
#                            -Z(CONST)INTRAMEND_REMAP=00203FFF                 #
#                            -DROMSTART=00000000 -DROMEND=0000FFFF             #
#                            -DRAMSTART=00200000 -DRAMEND=002003FFF            #
#                            -Z(CODE)INTVEC=00-3F                              #
#                            -Z(CODE)ICODE,DIFUNCT=ROMSTART-ROMEND             #
#                            -Z(CODE)SWITAB=ROMSTART-ROMEND                    #
#                            -Z(CODE)CODE=ROMSTART-ROMEND                      #
#                            -Z(CONST)INITTAB,DATA_ID,DATA_C=ROMSTART-ROMEND   #
#                            -Z(CONST)CHECKSUM=ROMSTART-ROMEND                 #
#                            -Z(DATA)DATA_I,DATA_Z,DATA_N=RAMSTART-RAMEND      #
#                            -Z(DATA)CODE_I=RAMSTART-RAMEND                    #
#                            -Z(CONST)CODE_ID=ROMSTART-ROMEND                  #
#                            -QCODE_I=CODE_ID                                  #
#                            -Z(CODE)INTERNAL=ROMSTART-ROMEND                  #
#                            -Z(DATA)INTERNAL_I=RAMSTART-RAMEND                #
#                            -Z(CONST)INTERNAL_ID=ROMSTART-ROMEND              #
#                            -QINTERNAL_I=INTERNAL_ID -D_CSTACK_SIZE=(100*4)   #
#                            -D_IRQ_STACK_SIZE=(2*8*4)                         #
#                            -Z(DATA)CSTACK+_CSTACK_SIZE=RAMSTART-RAMEND       #
#                            -Z(DATA)IRQ_STACK+_IRQ_STACK_SIZE=RAMSTART-RAMEND) #
#                            -e_PrintfTiny=_Printf -e_ScanfSmall=_Scanf -rt    #
#                            "C:\Program Files\IAR Systems\Embedded Workbench  #
#                            4.0 Kickstart\arm\LIB\dl4tptinl8n.r79"            #
#                            "-Ointel-extended=C:\Documents and Settings\user\ #
#                            My Documents\TestBoard\AT91SAM7_P64_A\ATMEL_USB_M #
#                            OUSE\AT91SAM7S-BasicMouseUSB\compil\FLASH\Exe\USB #
#                            .a79"                                             #
#                                                                              #
#                        Copyright 1987-2005 IAR Systems. All rights reserved. #
################################################################################





                ****************************************
                *                                      *
                *           CROSS REFERENCE            *
                *                                      *
                ****************************************

                  There are no program entries.




                ****************************************
                *                                      *
                *            RUNTIME MODEL             *
                *                                      *
                ****************************************

  ARMv4M                 = USED
  ARMv4T                 = USED
  StackAlign4            = USED
  StackAlign8            = USED
  __cpu_mode             = __pcs__interwork
  __data_model           = absolute
  __dlib_file_descriptor = 0
  __endian               = little
  __rt_version           = 6



                ****************************************
                *                                      *
                *              MODULE MAP              *
                *                                      *
                ****************************************


  DEFINED ABSOLUTE ENTRIES
  PROGRAM MODULE, NAME : ?ABS_ENTRY_MOD

Absolute parts
           ENTRY                   ADDRESS         REF BY
           =====                   =======         ======
           _IRQ_STACK_SIZE         00000040 
           _CSTACK_SIZE            00000400 
           RAMEND                  02003FFF 
           RAMSTART                00200000 
           ROMEND                  0000FFFF 
           ROMSTART                00000000 
    *************************************************************************

  FILE NAME : C:\Documents and Settings\user\My Documents\TestBoard\AT91SAM7_P64_A\ATMEL_USB_MOUSE\AT91SAM7S-BasicMouseUSB\compil\FLASH\Obj\Cstartup.r79
  PROGRAM MODULE, NAME : ?RESET

  SEGMENTS IN THE MODULE
  ======================
INTRAMSTART_REMAP
  Relative segment, address: 00200000, align: 2
  Segment part 0. ROOT.
    -------------------------------------------------------------------------
INTRAMEND_REMAP
  Relative segment, address: 00204000, align: 2
  Segment part 1. ROOT.
    -------------------------------------------------------------------------
ICODE
  Relative segment, address: 00000000 - 000000F3 (0xf4 bytes), align: 2
  Segment part 2. ROOT.
           ENTRY                   ADDRESS         REF BY
           =====                   =======         ======
           __main                  00000088 
           AT91F_Default_FIQ_handler
                                   000000D0        AT91F_LowLevelInit (Cstartup_SAM7)
           AT91F_Default_IRQ_handler
                                   000000D4        AT91F_LowLevelInit (Cstartup_SAM7)
           AT91F_Spurious_handler
                                   000000D8        AT91F_LowLevelInit (Cstartup_SAM7)
           LOCAL                   ADDRESS         
           =====                   =======         
           reset                   00000000 
           InitReset               00000044 
           undefvec                00000004 
           swivec                  00000008 
           pabtvec                 0000000C 
           dabtvec                 00000010 
           rsvdvec                 00000014 
           irqvec                  00000018 
           IRQ_Handler_Entry       00000090 
           fiqvec                  0000001C 
           FIQ_Handler_Entry       0000001C 
           ?jump_to_main           00000080 
           ?call_exit              0000008C 
           End                     0000008C 
           _?0                     000000DC 
           _?1                     000000E0 
           _?2                     000000E4 
           _?3                     000000E8 
           _?4                     000000EC 
           _?5                     000000F0 

    *************************************************************************

  FILE NAME : C:\Documents and Settings\user\My Documents\TestBoard\AT91SAM7_P64_A\ATMEL_USB_MOUSE\AT91SAM7S-BasicMouseUSB\compil\FLASH\Obj\Cstartup_SAM7.r79
  PROGRAM MODULE, NAME : Cstartup_SAM7

  SEGMENTS IN THE MODULE
  ======================
ICODE
  Relative segment, address: 000000F4 - 00000177 (0x84 bytes), align: 2
  Segment part 2.
           ENTRY                   ADDRESS         REF BY
           =====                   =======         ======
           AT91F_LowLevelInit      000000F5        Segment part 2 (?RESET)
               stack 1 = 00000000 ( 00000004 )

    *************************************************************************

  FILE NAME : C:\Documents and Settings\user\My Documents\TestBoard\AT91SAM7_P64_A\ATMEL_USB_MOUSE\AT91SAM7S-BasicMouseUSB\compil\FLASH\Obj\dbgu.r79
    *************************************************************************

  FILE NAME : C:\Documents and Settings\user\My Documents\TestBoard\AT91SAM7_P64_A\ATMEL_USB_MOUSE\AT91SAM7S-BasicMouseUSB\compil\FLASH\Obj\hid_enumerate.r79
  PROGRAM MODULE, NAME : hid_enumerate

  SEGMENTS IN THE MODULE
  ======================
DATA_C
  Relative segment, address: 000006F0 - 0000075B (0x6c bytes), align: 2
  Segment part 2.             Intra module refs:   AT91F_HID_Enumerate
           ENTRY                   ADDRESS         REF BY
           =====                   =======         ======
           cfgDescriptor           00000738 
           devDescriptor           00000724 
           mouseDescriptor         000006F0 
    -------------------------------------------------------------------------
CODE
  Relative segment, address: 000001CC - 000001E3 (0x18 bytes), align: 2
  Segment part 4.
           ENTRY                   ADDRESS         REF BY
           =====                   =======         ======
           AT91F_HID_Open          000001CD        AT91F_USB_Open (main)
    -------------------------------------------------------------------------
CODE
  Relative segment, address: 000001E4 - 00000225 (0x42 bytes), align: 2
  Segment part 6.             Intra module refs:   AT91F_HID_Open
                                                   AT91F_HID_SendReport
           LOCAL                   ADDRESS         
           =====                   =======         
           AT91F_UDP_IsConfigured
                                   000001E5 
               stack 1 = 00000000 ( 0000000C )
    -------------------------------------------------------------------------
CODE
  Relative segment, address: 00000228 - 00000263 (0x3c bytes), align: 2
  Segment part 8.             Intra module refs:   AT91F_HID_Open
           LOCAL                   ADDRESS         
           =====                   =======         
           AT91F_HID_SendReport    00000229 
               stack 1 = 00000000 ( 0000000C )
    -------------------------------------------------------------------------
CODE
  Relative segment, address: 00000264 - 000002D5 (0x72 bytes), align: 2
  Segment part 10.            Intra module refs:   AT91F_HID_Enumerate
           LOCAL                   ADDRESS         
           =====                   =======         
           AT91F_USB_SendData      00000265 
               stack 1 = 00000000 ( 00000010 )
    -------------------------------------------------------------------------
CODE
  Relative segment, address: 000002D8 - 000002F5 (0x1e bytes), align: 2
  Segment part 12.            Intra module refs:   AT91F_HID_Enumerate
           ENTRY                   ADDRESS         REF BY
           =====                   =======         ======
           AT91F_USB_SendZlp       000002D9 
    -------------------------------------------------------------------------
CODE
  Relative segment, address: 000002F8 - 00000315 (0x1e bytes), align: 2
  Segment part 14.            Intra module refs:   AT91F_HID_Enumerate
           ENTRY                   ADDRESS         REF BY
           =====                   =======         ======
           AT91F_USB_SendStall     000002F9 
    -------------------------------------------------------------------------
CODE
  Relative segment, address: 00000318 - 00000503 (0x1ec bytes), align: 2
  Segment part 16.            Intra module refs:   AT91F_UDP_IsConfigured
           LOCAL                   ADDRESS         
           =====                   =======         
           AT91F_HID_Enumerate     00000319 
               stack 1 = 00000000 ( 0000001C )

    *************************************************************************

  FILE NAME : C:\Documents and Settings\user\My Documents\TestBoard\AT91SAM7_P64_A\ATMEL_USB_MOUSE\AT91SAM7S-BasicMouseUSB\compil\FLASH\Obj\main.r79
  PROGRAM MODULE, NAME : main

  SEGMENTS IN THE MODULE
  ======================
DATA_Z
  Relative segment, address: 00200000 - 0020000F (0x10 bytes), align: 2
  Segment part 2.             Intra module refs:   Segment part 10
                                                   main
           ENTRY                   ADDRESS         REF BY
           =====                   =======         ======
           HID                     00200000 
    -------------------------------------------------------------------------
CODE
  Relative segment, address: 00000504 - 00000547 (0x44 bytes), align: 2
  Segment part 4.             Intra module refs:   main
           ENTRY                   ADDRESS         REF BY
           =====                   =======         ======
           AT91F_USB_Open          00000505 
               stack 1 = 00000000 ( 00000004 )
    -------------------------------------------------------------------------
CODE
  Relative segment, address: 00000548 - 000006CB (0x184 bytes), align: 2
  Segment part 6.
           ENTRY                   ADDRESS         REF BY
           =====                   =======         ======
           main                    00000549        Segment part 2 (?RESET)
               stack 1 = 00000000 ( 00000018 )
    -------------------------------------------------------------------------
CODE
  Relative segment, address: 000006CC - 000006CF (0x4 bytes), align: 2
  Segment part 7.             Intra module refs:   AT91F_USB_Open
                                                   main
    -------------------------------------------------------------------------
CODE
  Relative segment, address: 000006D0 - 000006D3 (0x4 bytes), align: 2
  Segment part 8.             Intra module refs:   AT91F_USB_Open
                                                   main
    -------------------------------------------------------------------------
CODE
  Relative segment, address: 000006D4 - 000006D7 (0x4 bytes), align: 2
  Segment part 9.             Intra module refs:   AT91F_USB_Open
                                                   main
    -------------------------------------------------------------------------
CODE
  Relative segment, address: 000006D8 - 000006DB (0x4 bytes), align: 2
  Segment part 10.            Intra module refs:   AT91F_USB_Open
                                                   main
    -------------------------------------------------------------------------
CODE
  Relative segment, address: 000006DC - 000006DD (0x2 bytes), align: 2
  Segment part 12.            Intra module refs:   main
           ENTRY                   ADDRESS         REF BY
           =====                   =======         ======
           ??rT_BX_R1              000006DD 
    -------------------------------------------------------------------------
INITTAB
  Relative segment, address: 000006E4 - 000006EF (0xc bytes), align: 2
  Segment part 14. ROOT.
           ENTRY                   ADDRESS         REF BY
           =====                   =======         ======
           ?init?tab?DATA_Z        000006E4 

    *************************************************************************

  FILE NAME : C:\Program Files\IAR Systems\Embedded Workbench 4.0 Kickstart\arm\LIB\dl4tptinl8n.r79
  LIBRARY MODULE, NAME : ?segment_init

  SEGMENTS IN THE MODULE
  ======================
ICODE
  Relative segment, address: 00000178 - 000001CB (0x54 bytes), align: 2
  Segment part 2.
           ENTRY                   ADDRESS         REF BY
           =====                   =======         ======
           __segment_init          00000179        Segment part 2 (?RESET)
               stack 1 = 00000000 ( 00000014 )

    -------------------------------------------------------------------------
  LIBRARY MODULE, NAME : ?xscanfsmall

  SEGMENTS IN THE MODULE
  ======================
CODE
  Relative segment, address: 000006E0 - 000006E1 (0x2 bytes), align: 2
  Segment part 10.
           ENTRY                   ADDRESS         REF BY
           =====                   =======         ======
           ??rT_BX_R7              000006E1 




                ****************************************
                *                                      *
                *            MODULE SUMMARY            *
                *                                      *
                ****************************************

Module            CODE   DATA  CONST
------            ----   ----  -----
                 (Rel)  (Rel)  (Rel)
?RESET             244
?segment_init       84
?xscanfsmall         2
Cstartup_SAM7      132
hid_enumerate      824           108
main               474     16
  + shared                        12
N/A (alignment)      2
------           -----     --    ---
Total:           1 762     16    120


                ****************************************
                *                                      *
                *      SEGMENTS IN ADDRESS ORDER       *
                *                                      *
                ****************************************


SEGMENT              SPACE    START ADDRESS   END ADDRESS     SIZE  TYPE  ALIGN
=======              =====    =============   ===========     ====  ====  =====
ICODE                              00000000 - 000001CB         1CC   rel    2
CODE                               000001CC - 000006E1         516   rel    2
INITTAB                            000006E4 - 000006EF           C   rel    2
DATA_ID                                 000006F0                     dse    0
DATA_C                             000006F0 - 0000075B          6C   rel    2
INTRAMSTART_REMAP                       00200000                     rel    2
DATA_I                                  00200000                     dse    0
DATA_Z                             00200000 - 0020000F          10   rel    2
INTRAMEND_REMAP                         00204000                     rel    2

                ****************************************
                *                                      *
                *        END OF CROSS REFERENCE        *
                *                                      *
                ****************************************

 1 762 bytes of CODE  memory
    16 bytes of DATA  memory
   120 bytes of CONST memory

Errors: none
Warnings: none

