################################################################################
#                                                                              #
#      IAR Universal Linker V4.59Z/386                                         #
#                                                                              #
#           Link time     =  20/Mar/2006  13:38:55                             #
#           Target CPU    =  ARM                                               #
#           List file     =  "C:\Documents and Settings\user\My Documents\Test #
#                            Board\MOD_MMA\ATMEL_USB_MOUSE\AT91SAM7S-BasicMous #
#                            eUSB\compil\Bin\List\MousseUSB.map"               #
#           Output file 1 =  "C:\Documents and Settings\user\My Documents\Test #
#                            Board\MOD_MMA\ATMEL_USB_MOUSE\AT91SAM7S-BasicMous #
#                            eUSB\compil\Bin\Exe\MousseUSB.bin"                #
#                            Format: raw-binary                                #
#           Command line  =  "C:\Documents and Settings\user\My Documents\Test #
#                            Board\MOD_MMA\ATMEL_USB_MOUSE\AT91SAM7S-BasicMous #
#                            eUSB\compil\Bin\Obj\Cstartup.r79"                 #
#                            "C:\Documents and Settings\user\My Documents\Test #
#                            Board\MOD_MMA\ATMEL_USB_MOUSE\AT91SAM7S-BasicMous #
#                            eUSB\compil\Bin\Obj\Cstartup_SAM7.r79"            #
#                            "C:\Documents and Settings\user\My Documents\Test #
#                            Board\MOD_MMA\ATMEL_USB_MOUSE\AT91SAM7S-BasicMous #
#                            eUSB\compil\Bin\Obj\dbgu.r79"                     #
#                            "C:\Documents and Settings\user\My Documents\Test #
#                            Board\MOD_MMA\ATMEL_USB_MOUSE\AT91SAM7S-BasicMous #
#                            eUSB\compil\Bin\Obj\hid_enumerate.r79"            #
#                            "C:\Documents and Settings\user\My Documents\Test #
#                            Board\MOD_MMA\ATMEL_USB_MOUSE\AT91SAM7S-BasicMous #
#                            eUSB\compil\Bin\Obj\main.r79"                     #
#                            -o                                                #
#                            "C:\Documents and Settings\user\My Documents\Test #
#                            Board\MOD_MMA\ATMEL_USB_MOUSE\AT91SAM7S-BasicMous #
#                            eUSB\compil\Bin\Exe\MousseUSB.bin"                #
#                            -Fmpds-code -l                                    #
#                            "C:\Documents and Settings\user\My Documents\Test #
#                            Board\MOD_MMA\ATMEL_USB_MOUSE\AT91SAM7S-BasicMous #
#                            eUSB\compil\Bin\List\MousseUSB.map"               #
#                            -xmsn                                             #
#                            "-IC:\Program Files\IAR Systems\Embedded Workbenc #
#                            h 4.0\ARM\LIB\"                                   #
#                            -f                                                #
#                            "C:\Documents and Settings\user\My Documents\Test #
#                            Board\MOD_MMA\ATMEL_USB_MOUSE\AT91SAM7S-BasicMous #
#                            eUSB\compil\resource\at91SAM7S64_NoRemap.xcl"     #
#                            (-carm -Z(CONST)INTRAMSTART_REMAP=00200000        #
#                            -Z(CONST)INTRAMEND_REMAP=00203FFF                 #
#                            -DROMSTART=00000000 -DROMEND=0000FFFF             #
#                            -DRAMSTART=00200000 -DRAMEND=002003FFF            #
#                            -Z(CODE)INTVEC=00-3F                              #
#                            -Z(CODE)ICODE,DIFUNCT=ROMSTART-ROMEND             #
#                            -Z(CODE)SWITAB=ROMSTART-ROMEND                    #
#                            -Z(CODE)CODE=ROMSTART-ROMEND                      #
#                            -Z(CONST)INITTAB,DATA_ID,DATA_C=ROMSTART-ROMEND   #
#                            -Z(CONST)CHECKSUM=ROMSTART-ROMEND                 #
#                            -Z(DATA)DATA_I,DATA_Z,DATA_N=RAMSTART-RAMEND      #
#                            -Z(DATA)CODE_I=RAMSTART-RAMEND                    #
#                            -Z(CONST)CODE_ID=ROMSTART-ROMEND                  #
#                            -QCODE_I=CODE_ID                                  #
#                            -Z(CODE)INTERNAL=ROMSTART-ROMEND                  #
#                            -Z(DATA)INTERNAL_I=RAMSTART-RAMEND                #
#                            -Z(CONST)INTERNAL_ID=ROMSTART-ROMEND              #
#                            -QINTERNAL_I=INTERNAL_ID -D_CSTACK_SIZE=(100*4)   #
#                            -D_IRQ_STACK_SIZE=(2*8*4)                         #
#                            -Z(DATA)CSTACK+_CSTACK_SIZE=RAMSTART-RAMEND       #
#                            -Z(DATA)IRQ_STACK+_IRQ_STACK_SIZE=RAMSTART-RAMEND) #
#                            -YA -e_PrintfTiny=_Printf -e_ScanfSmall=_Scanf    #
#                            "C:\Program Files\IAR Systems\Embedded Workbench  #
#                            4.0\ARM\LIB\dl4tpainl8n.r79"                      #
#                                                                              #
#                        Copyright 1987-2006 IAR Systems. All rights reserved. #
################################################################################





                ****************************************
                *                                      *
                *           CROSS REFERENCE            *
                *                                      *
                ****************************************

                  There are no program entries.




                ****************************************
                *                                      *
                *            RUNTIME MODEL             *
                *                                      *
                ****************************************

  StackAlign4            = USED
  StackAlign8            = USED
  __cpu_mode             = __pcs__interwork
  __data_model           = absolute
  __dlib_file_descriptor = 0
  __endian               = little
  __rt_version           = 6



                ****************************************
                *                                      *
                *              MODULE MAP              *
                *                                      *
                ****************************************


  DEFINED ABSOLUTE ENTRIES
    *************************************************************************

  DEFINED ABSOLUTE ENTRIES
  PROGRAM MODULE, NAME : ?ABS_ENTRY_MOD

Absolute parts
           ENTRY                   ADDRESS         REF BY
           =====                   =======         ======
           _IRQ_STACK_SIZE         00000040 
           _CSTACK_SIZE            00000400 
           RAMEND                  02003FFF 
           RAMSTART                00200000 
           ROMEND                  0000FFFF 
           ROMSTART                00000000 
    *************************************************************************

  FILE NAME : C:\Documents and Settings\user\My Documents\TestBoard\MOD_MMA\ATMEL_USB_MOUSE\AT91SAM7S-BasicMouseUSB\compil\Bin\Obj\Cstartup.r79
  PROGRAM MODULE, NAME : ?RESET

  SEGMENTS IN THE MODULE
  ======================
INTRAMSTART_REMAP
  Relative segment, address: 00200000, align: 2
  Segment part 0. ROOT.
    -------------------------------------------------------------------------
INTRAMEND_REMAP
  Relative segment, address: 00204000, align: 2
  Segment part 1. ROOT.
    -------------------------------------------------------------------------
ICODE
  Relative segment, address: 00000000 - 000000F3 (0xf4 bytes), align: 2
  Segment part 2. ROOT.
           ENTRY                   ADDRESS         REF BY
           =====                   =======         ======
           __main                  00000088 
           AT91F_Default_FIQ_handler
                                   000000D0        AT91F_LowLevelInit (Cstartup_SAM7)
           AT91F_Default_IRQ_handler
                                   000000D4        AT91F_LowLevelInit (Cstartup_SAM7)
           AT91F_Spurious_handler
                                   000000D8        AT91F_LowLevelInit (Cstartup_SAM7)
           LOCAL                   ADDRESS         
           =====                   =======         
           reset                   00000000 
           InitReset               00000044 
           undefvec                00000004 
           swivec                  00000008 
           pabtvec                 0000000C 
           dabtvec                 00000010 
           rsvdvec                 00000014 
           irqvec                  00000018 
           IRQ_Handler_Entry       00000090 
           fiqvec                  0000001C 
           FIQ_Handler_Entry       0000001C 
           ?jump_to_main           00000080 
           ?call_exit              0000008C 
           End                     0000008C 
           _?0                     000000DC 
           _?1                     000000E0 
           _?2                     000000E4 
           _?3                     000000E8 
           _?4                     000000EC 
           _?5                     000000F0 

    *************************************************************************

  FILE NAME : C:\Documents and Settings\user\My Documents\TestBoard\MOD_MMA\ATMEL_USB_MOUSE\AT91SAM7S-BasicMouseUSB\compil\Bin\Obj\Cstartup_SAM7.r79
  PROGRAM MODULE, NAME : Cstartup_SAM7

  SEGMENTS IN THE MODULE
  ======================
ICODE
  Relative segment, address: 000000F4 - 000001AF (0xbc bytes), align: 2
  Segment part 2.
           ENTRY                   ADDRESS         REF BY
           =====                   =======         ======
           AT91F_LowLevelInit      000000F4        Segment part 2 (?RESET)

    *************************************************************************

  FILE NAME : C:\Documents and Settings\user\My Documents\TestBoard\MOD_MMA\ATMEL_USB_MOUSE\AT91SAM7S-BasicMouseUSB\compil\Bin\Obj\dbgu.r79
  PROGRAM MODULE, NAME : dbgu

  SEGMENTS IN THE MODULE
  ======================
CODE
  Relative segment, address: 00000210 - 00000217 (0x8 bytes), align: 2
  Segment part 18.            Intra module refs:   AT91F_USB_Open (main)
           ENTRY                   ADDRESS         REF BY
           =====                   =======         ======
           AT91F_PIO_SetOutput     00000210 

    *************************************************************************

  FILE NAME : C:\Documents and Settings\user\My Documents\TestBoard\MOD_MMA\ATMEL_USB_MOUSE\AT91SAM7S-BasicMouseUSB\compil\Bin\Obj\hid_enumerate.r79
  PROGRAM MODULE, NAME : hid_enumerate

  SEGMENTS IN THE MODULE
  ======================
DATA_C
  Relative segment, address: 00001A84 - 00001AB7 (0x34 bytes), align: 2
  Segment part 2.             Intra module refs:   AT91F_HID_Enumerate
           ENTRY                   ADDRESS         REF BY
           =====                   =======         ======
           mouseDescriptor         00001A84 
    -------------------------------------------------------------------------
DATA_C
  Relative segment, address: 00001AB8 - 00001ACB (0x14 bytes), align: 2
  Segment part 3.             Intra module refs:   AT91F_HID_Enumerate
           ENTRY                   ADDRESS         REF BY
           =====                   =======         ======
           devDescriptor           00001AB8 
    -------------------------------------------------------------------------
DATA_C
  Relative segment, address: 00001ACC - 00001AEF (0x24 bytes), align: 2
  Segment part 4.             Intra module refs:   AT91F_HID_Enumerate
           ENTRY                   ADDRESS         REF BY
           =====                   =======         ======
           cfgDescriptor           00001ACC 
    -------------------------------------------------------------------------
CODE
  Relative segment, address: 00000218 - 0000023F (0x28 bytes), align: 2
  Segment part 6.
           ENTRY                   ADDRESS         REF BY
           =====                   =======         ======
           AT91F_HID_Open          00000218        AT91F_USB_Open (main)
    -------------------------------------------------------------------------
CODE
  Relative segment, address: 00000240 - 000002BF (0x80 bytes), align: 2
  Segment part 8.             Intra module refs:   AT91F_HID_Open
                                                   AT91F_HID_SendReport
           LOCAL                   ADDRESS         
           =====                   =======         
           AT91F_UDP_IsConfigured
                                   00000240 
               stack 1 = 00000000 ( 00000010 )
    -------------------------------------------------------------------------
CODE
  Relative segment, address: 000002C0 - 00000343 (0x84 bytes), align: 2
  Segment part 10.            Intra module refs:   AT91F_HID_Open
           LOCAL                   ADDRESS         
           =====                   =======         
           AT91F_HID_SendReport    000002C0 
               stack 1 = 00000000 ( 00000018 )
    -------------------------------------------------------------------------
CODE
  Relative segment, address: 00000344 - 00000423 (0xe0 bytes), align: 2
  Segment part 12.            Intra module refs:   AT91F_HID_Enumerate
           LOCAL                   ADDRESS         
           =====                   =======         
           AT91F_USB_SendData      00000344 
               stack 1 = 00000000 ( 00000008 )
    -------------------------------------------------------------------------
CODE
  Relative segment, address: 00000424 - 00000457 (0x34 bytes), align: 2
  Segment part 14.            Intra module refs:   AT91F_HID_Enumerate
           ENTRY                   ADDRESS         REF BY
           =====                   =======         ======
           AT91F_USB_SendZlp       00000424 
    -------------------------------------------------------------------------
CODE
  Relative segment, address: 00000458 - 0000048B (0x34 bytes), align: 2
  Segment part 16.            Intra module refs:   AT91F_HID_Enumerate
           ENTRY                   ADDRESS         REF BY
           =====                   =======         ======
           AT91F_USB_SendStall     00000458 
    -------------------------------------------------------------------------
CODE
  Relative segment, address: 0000048C - 000009EF (0x564 bytes), align: 2
  Segment part 18.            Intra module refs:   AT91F_UDP_IsConfigured
           LOCAL                   ADDRESS         
           =====                   =======         
           AT91F_HID_Enumerate     0000048C 
               stack 1 = 00000000 ( 00000024 )

    *************************************************************************

  FILE NAME : C:\Documents and Settings\user\My Documents\TestBoard\MOD_MMA\ATMEL_USB_MOUSE\AT91SAM7S-BasicMouseUSB\compil\Bin\Obj\main.r79
  PROGRAM MODULE, NAME : main

  SEGMENTS IN THE MODULE
  ======================
CODE
  Relative segment, address: 000009F0 - 000009F7 (0x8 bytes), align: 2
  Segment part 62.            Intra module refs:   AT91F_PIOA_CfgPMC
           ENTRY                   ADDRESS         REF BY
           =====                   =======         ======
           AT91F_PMC_EnablePeriphClock
                                   000009F0 
    -------------------------------------------------------------------------
CODE
  Relative segment, address: 000009F8 - 000009FF (0x8 bytes), align: 2
  Segment part 63.            Intra module refs:   GetCoordinates
           ENTRY                   ADDRESS         REF BY
           =====                   =======         ======
           AT91F_ADC_GetStatus     000009F8 
    -------------------------------------------------------------------------
CODE
  Relative segment, address: 00000A00 - 00000A07 (0x8 bytes), align: 2
  Segment part 64.            Intra module refs:   ADCInit
           ENTRY                   ADDRESS         REF BY
           =====                   =======         ======
           AT91F_ADC_CfgModeReg    00000A00 
    -------------------------------------------------------------------------
CODE
  Relative segment, address: 00000A08 - 00000A0F (0x8 bytes), align: 2
  Segment part 65.            Intra module refs:   ADCInit
           ENTRY                   ADDRESS         REF BY
           =====                   =======         ======
           AT91F_ADC_EnableChannel
                                   00000A08 
    -------------------------------------------------------------------------
CODE
  Relative segment, address: 00000A10 - 00000A1B (0xc bytes), align: 2
  Segment part 66.            Intra module refs:   GetCoordinates
           ENTRY                   ADDRESS         REF BY
           =====                   =======         ======
           AT91F_ADC_StartConversion
                                   00000A10 
    -------------------------------------------------------------------------
CODE
  Relative segment, address: 00000A1C - 00000A27 (0xc bytes), align: 2
  Segment part 67.            Intra module refs:   ADCInit
           ENTRY                   ADDRESS         REF BY
           =====                   =======         ======
           AT91F_ADC_SoftReset     00000A1C 
    -------------------------------------------------------------------------
CODE
  Relative segment, address: 00000A28 - 00000A2F (0x8 bytes), align: 2
  Segment part 68.            Intra module refs:   GetCoordinates
           ENTRY                   ADDRESS         REF BY
           =====                   =======         ======
           AT91F_ADC_GetConvertedDataCH4
                                   00000A28 
    -------------------------------------------------------------------------
CODE
  Relative segment, address: 00000A30 - 00000A37 (0x8 bytes), align: 2
  Segment part 69.            Intra module refs:   GetCoordinates
           ENTRY                   ADDRESS         REF BY
           =====                   =======         ======
           AT91F_ADC_GetConvertedDataCH5
                                   00000A30 
    -------------------------------------------------------------------------
CODE
  Relative segment, address: 00000A38 - 00000A3F (0x8 bytes), align: 2
  Segment part 70.            Intra module refs:   GetCoordinates
           ENTRY                   ADDRESS         REF BY
           =====                   =======         ======
           AT91F_ADC_GetConvertedDataCH6
                                   00000A38 
    -------------------------------------------------------------------------
CODE
  Relative segment, address: 00000A40 - 00000A4B (0xc bytes), align: 2
  Segment part 71.            Intra module refs:   AT91F_USB_Open
           ENTRY                   ADDRESS         REF BY
           =====                   =======         ======
           AT91F_PIO_CfgOutput     00000A40 
    -------------------------------------------------------------------------
CODE
  Relative segment, address: 00000A4C - 00000A67 (0x1c bytes), align: 2
  Segment part 73.            Intra module refs:   main
           ENTRY                   ADDRESS         REF BY
           =====                   =======         ======
           AT91F_PIOA_CfgPMC       00000A4C 
               stack 1 = 00000000 ( 00000004 )
    -------------------------------------------------------------------------
DATA_Z
  Relative segment, address: 00200070 - 00200070 (0x1 bytes), align: 0
  Segment part 9.             Intra module refs:   GetCoordinates
           ENTRY                   ADDRESS         REF BY
           =====                   =======         ======
           n                       00200070 
    -------------------------------------------------------------------------
DATA_Z
  Relative segment, address: 0020003C - 00200047 (0xc bytes), align: 2
  Segment part 18.            Intra module refs:   Segment part 127
                                                   Segment part 128
                                                   Segment part 130
                                                   Segment part 95
                                                   Segment part 96
                                                   Segment part 98
           ENTRY                   ADDRESS         REF BY
           =====                   =======         ======
           Coordinates             0020003C 
    -------------------------------------------------------------------------
DATA_Z
  Relative segment, address: 00200048 - 0020004B (0x4 bytes), align: 2
  Segment part 19.            Intra module refs:   Segment part 125
           ENTRY                   ADDRESS         REF BY
           =====                   =======         ======
           base_x                  00200048 
    -------------------------------------------------------------------------
DATA_Z
  Relative segment, address: 0020004C - 0020004F (0x4 bytes), align: 2
  Segment part 20.            Intra module refs:   Segment part 124
           ENTRY                   ADDRESS         REF BY
           =====                   =======         ======
           base_y                  0020004C 
    -------------------------------------------------------------------------
DATA_Z
  Relative segment, address: 00200050 - 00200053 (0x4 bytes), align: 2
  Segment part 21.            Intra module refs:   Segment part 126
           ENTRY                   ADDRESS         REF BY
           =====                   =======         ======
           base_z                  00200050 
    -------------------------------------------------------------------------
DATA_Z
  Relative segment, address: 00200071 - 00200071 (0x1 bytes), align: 0
  Segment part 23.            Intra module refs:   main
           ENTRY                   ADDRESS         REF BY
           =====                   =======         ======
           button_flag             00200071 
    -------------------------------------------------------------------------
DATA_Z
  Relative segment, address: 00200054 - 00200063 (0x10 bytes), align: 2
  Segment part 24.            Intra module refs:   Segment part 129
                                                   Segment part 76
                                                   main
           ENTRY                   ADDRESS         REF BY
           =====                   =======         ======
           HID                     00200054 
    -------------------------------------------------------------------------
CODE
  Relative segment, address: 00000A68 - 00000ADF (0x78 bytes), align: 2
  Segment part 75.            Intra module refs:   main
           ENTRY                   ADDRESS         REF BY
           =====                   =======         ======
           AT91F_USB_Open          00000A68 
               stack 1 = 00000000 ( 00000004 )
    -------------------------------------------------------------------------
CODE
  Relative segment, address: 00000AE0 - 00000AE3 (0x4 bytes), align: 2
  Segment part 76.            Intra module refs:   AT91F_USB_Open
    -------------------------------------------------------------------------
DATA_I
  Relative segment, address: 00200000 - 00200003 (0x4 bytes), align: 2
  Segment part 25.            Intra module refs:   Segment part 109
           ENTRY                   ADDRESS         REF BY
           =====                   =======         ======
           s_pSpi                  00200000 
    -------------------------------------------------------------------------
DATA_I
  Relative segment, address: 00200004 - 00200007 (0x4 bytes), align: 2
  Segment part 27.            Intra module refs:   Segment part 131
           ENTRY                   ADDRESS         REF BY
           =====                   =======         ======
           s_pPio                  00200004 
    -------------------------------------------------------------------------
DATA_I
  Relative segment, address: 00200008 - 0020000B (0x4 bytes), align: 2
  Segment part 29.            Intra module refs:   InitSPI
           ENTRY                   ADDRESS         REF BY
           =====                   =======         ======
           s_pPMC                  00200008 
    -------------------------------------------------------------------------
DATA_I
  Relative segment, address: 0020000C - 0020000F (0x4 bytes), align: 2
  Segment part 31.            Intra module refs:   InitSPI
           ENTRY                   ADDRESS         REF BY
           =====                   =======         ======
           s_pPDC                  0020000C 
    -------------------------------------------------------------------------
DATA_I
  Relative segment, address: 00200010 - 00200013 (0x4 bytes), align: 2
  Segment part 35.            Intra module refs:   InitMMA
           ENTRY                   ADDRESS         REF BY
           =====                   =======         ======
           a_pPMC                  00200010 
    -------------------------------------------------------------------------
DATA_I
  Relative segment, address: 00200014 - 00200017 (0x4 bytes), align: 2
  Segment part 37.            Intra module refs:   InitMMA
           ENTRY                   ADDRESS         REF BY
           =====                   =======         ======
           a_pPio                  00200014 
    -------------------------------------------------------------------------
DATA_I
  Relative segment, address: 00200018 - 0020001B (0x4 bytes), align: 2
  Segment part 39.            Intra module refs:   InitMMA
           ENTRY                   ADDRESS         REF BY
           =====                   =======         ======
           a_pSys                  00200018 
    -------------------------------------------------------------------------
DATA_I
  Relative segment, address: 0020001C - 0020001F (0x4 bytes), align: 2
  Segment part 41.            Intra module refs:   InitUSART0
           ENTRY                   ADDRESS         REF BY
           =====                   =======         ======
           u_pPio                  0020001C 
    -------------------------------------------------------------------------
DATA_I
  Relative segment, address: 00200020 - 00200023 (0x4 bytes), align: 2
  Segment part 43.            Intra module refs:   InitUSART0
           ENTRY                   ADDRESS         REF BY
           =====                   =======         ======
           u_pPMC                  00200020 
    -------------------------------------------------------------------------
DATA_I
  Relative segment, address: 00200024 - 00200027 (0x4 bytes), align: 2
  Segment part 45.            Intra module refs:   Segment part 83
           ENTRY                   ADDRESS         REF BY
           =====                   =======         ======
           u_pUSART0               00200024 
    -------------------------------------------------------------------------
DATA_I
  Relative segment, address: 00200028 - 0020002B (0x4 bytes), align: 2
  Segment part 49.            Intra module refs:   InitUSART0
           ENTRY                   ADDRESS         REF BY
           =====                   =======         ======
           u_pPDC0                 00200028 
    -------------------------------------------------------------------------
DATA_I
  Relative segment, address: 0020002C - 0020002F (0x4 bytes), align: 2
  Segment part 57.            Intra module refs:   main
           ENTRY                   ADDRESS         REF BY
           =====                   =======         ======
           m_pRSTC                 0020002C 
    -------------------------------------------------------------------------
DATA_I
  Relative segment, address: 00200030 - 0020003B (0xc bytes), align: 2
  Segment part 59.            Intra module refs:   TestFlash
           ENTRY                   ADDRESS         REF BY
           =====                   =======         ======
           WriteBuffer             00200030 
    -------------------------------------------------------------------------
DATA_Z
  Relative segment, address: 00200064 - 0020006F (0xc bytes), align: 2
  Segment part 61.            Intra module refs:   TestFlash
           ENTRY                   ADDRESS         REF BY
           =====                   =======         ======
           ReadBuffer              00200064 
    -------------------------------------------------------------------------
CODE
  Relative segment, address: 00000AE4 - 00000AF3 (0x10 bytes), align: 2
  Segment part 78.            Intra module refs:   InitMMA
                                                   main
           ENTRY                   ADDRESS         REF BY
           =====                   =======         ======
           Delay                   00000AE4 
    -------------------------------------------------------------------------
CODE
  Relative segment, address: 00000AF4 - 00000B9B (0xa8 bytes), align: 2
  Segment part 80.            Intra module refs:   main
           ENTRY                   ADDRESS         REF BY
           =====                   =======         ======
           InitUSART0              00000AF4 
    -------------------------------------------------------------------------
CODE
  Relative segment, address: 00000B9C - 00000BC3 (0x28 bytes), align: 2
  Segment part 82.            Intra module refs:   FlashReadArray
                                                   write_str_USART0
           ENTRY                   ADDRESS         REF BY
           =====                   =======         ======
           write_char_USART0       00000B9C 
    -------------------------------------------------------------------------
CODE
  Relative segment, address: 00000BC4 - 00000BC7 (0x4 bytes), align: 2
  Segment part 83.            Intra module refs:   InitUSART0
                                                   write_char_USART0
    -------------------------------------------------------------------------
CODE
  Relative segment, address: 00000BC8 - 00000BFB (0x34 bytes), align: 2
  Segment part 85.            Intra module refs:   FlashReadArray
           ENTRY                   ADDRESS         REF BY
           =====                   =======         ======
           write_str_USART0        00000BC8 
               stack 1 = 00000000 ( 0000000C )
    -------------------------------------------------------------------------
CODE
  Relative segment, address: 00000BFC - 00000C43 (0x48 bytes), align: 2
  Segment part 92.            Intra module refs:   main
           ENTRY                   ADDRESS         REF BY
           =====                   =======         ======
           ADCInit                 00000BFC 
               stack 1 = 00000000 ( 00000004 )
    -------------------------------------------------------------------------
CODE
  Relative segment, address: 00000C44 - 00000D47 (0x104 bytes), align: 2
  Segment part 94.            Intra module refs:   main
           ENTRY                   ADDRESS         REF BY
           =====                   =======         ======
           GetCoordinates          00000C44 
               stack 1 = 00000000 ( 00000008 )
    -------------------------------------------------------------------------
CODE
  Relative segment, address: 00000D48 - 00000D4B (0x4 bytes), align: 2
  Segment part 95.            Intra module refs:   GetCoordinates
    -------------------------------------------------------------------------
CODE
  Relative segment, address: 00000D4C - 00000D4F (0x4 bytes), align: 2
  Segment part 96.            Intra module refs:   GetCoordinates
    -------------------------------------------------------------------------
CODE
  Relative segment, address: 00000D50 - 00000D53 (0x4 bytes), align: 2
  Segment part 97.            Intra module refs:   ADCInit
                                                   GetCoordinates
    -------------------------------------------------------------------------
CODE
  Relative segment, address: 00000D54 - 00000D57 (0x4 bytes), align: 2
  Segment part 98.            Intra module refs:   GetCoordinates
    -------------------------------------------------------------------------
CODE
  Relative segment, address: 00000D58 - 00000DF7 (0xa0 bytes), align: 2
  Segment part 100.           Intra module refs:   main
           ENTRY                   ADDRESS         REF BY
           =====                   =======         ======
           InitMMA                 00000D58 
               stack 1 = 00000000 ( 00000004 )
    -------------------------------------------------------------------------
CODE
  Relative segment, address: 00000DF8 - 00000E0B (0x14 bytes), align: 2
  Segment part 102.           Intra module refs:   ByteToBuffer
                                                   FlashBusy
                                                   FlashReadArray
                                                   WriteBufferToMainMemory
           ENTRY                   ADDRESS         REF BY
           =====                   =======         ======
           FlashEnable             00000DF8 
    -------------------------------------------------------------------------
CODE
  Relative segment, address: 00000E0C - 00000E1F (0x14 bytes), align: 2
  Segment part 104.           Intra module refs:   ByteToBuffer
                                                   FlashBusy
                                                   FlashReadArray
                                                   WriteBufferToMainMemory
           ENTRY                   ADDRESS         REF BY
           =====                   =======         ======
           FlashDisable            00000E0C 
    -------------------------------------------------------------------------
CODE
  Relative segment, address: 00000E20 - 00000F0B (0xec bytes), align: 2
  Segment part 106.           Intra module refs:   TestFlash
           ENTRY                   ADDRESS         REF BY
           =====                   =======         ======
           InitSPI                 00000E20 
    -------------------------------------------------------------------------
CODE
  Relative segment, address: 00000F0C - 00000F67 (0x5c bytes), align: 2
  Segment part 108.           Intra module refs:   ByteToBuffer
                                                   FlashBusy
                                                   FlashReadArray
                                                   WriteBufferToMainMemory
           ENTRY                   ADDRESS         REF BY
           =====                   =======         ======
           WriteByte               00000F0C 
    -------------------------------------------------------------------------
CODE
  Relative segment, address: 00000F68 - 00000F6B (0x4 bytes), align: 2
  Segment part 109.           Intra module refs:   InitSPI
                                                   WriteByte
    -------------------------------------------------------------------------
CODE
  Relative segment, address: 00000F6C - 00000FA7 (0x3c bytes), align: 2
  Segment part 111.           Intra module refs:   ByteToBuffer
                                                   WriteBufferToMainMemory
           ENTRY                   ADDRESS         REF BY
           =====                   =======         ======
           FlashBusy               00000F6C 
               stack 1 = 00000000 ( 00000008 )
    -------------------------------------------------------------------------
CODE
  Relative segment, address: 00000FA8 - 00001043 (0x9c bytes), align: 2
  Segment part 113.           Intra module refs:   TestFlash
           ENTRY                   ADDRESS         REF BY
           =====                   =======         ======
           ByteToBuffer            00000FA8 
               stack 1 = 00000000 ( 00000014 )
    -------------------------------------------------------------------------
CODE
  Relative segment, address: 00001044 - 00001143 (0x100 bytes), align: 2
  Segment part 115.           Intra module refs:   TestFlash
           ENTRY                   ADDRESS         REF BY
           =====                   =======         ======
           FlashReadArray          00001044 
               stack 1 = 00000000 ( 0000001C )
    -------------------------------------------------------------------------
CODE
  Relative segment, address: 00001144 - 000011DB (0x98 bytes), align: 2
  Segment part 117.           Intra module refs:   TestFlash
           ENTRY                   ADDRESS         REF BY
           =====                   =======         ======
           WriteBufferToMainMemory
                                   00001144 
               stack 1 = 00000000 ( 00000010 )
    -------------------------------------------------------------------------
CODE
  Relative segment, address: 000011DC - 000012C3 (0xe8 bytes), align: 2
  Segment part 121.           Intra module refs:   main
           ENTRY                   ADDRESS         REF BY
           =====                   =======         ======
           TestFlash               000011DC 
               stack 1 = 00000000 ( 00000008 )
    -------------------------------------------------------------------------
CODE
  Relative segment, address: 000012C4 - 000018EB (0x628 bytes), align: 2
  Segment part 123.
           ENTRY                   ADDRESS         REF BY
           =====                   =======         ======
           main                    000012C4        Segment part 2 (?RESET)
               stack 1 = 00000000 ( 00000014 )
    -------------------------------------------------------------------------
CODE
  Relative segment, address: 000018EC - 000018EF (0x4 bytes), align: 2
  Segment part 124.           Intra module refs:   main
    -------------------------------------------------------------------------
CODE
  Relative segment, address: 000018F0 - 000018F3 (0x4 bytes), align: 2
  Segment part 125.           Intra module refs:   main
    -------------------------------------------------------------------------
CODE
  Relative segment, address: 000018F4 - 000018F7 (0x4 bytes), align: 2
  Segment part 126.           Intra module refs:   main
    -------------------------------------------------------------------------
CODE
  Relative segment, address: 000018F8 - 000018FB (0x4 bytes), align: 2
  Segment part 127.           Intra module refs:   main
    -------------------------------------------------------------------------
CODE
  Relative segment, address: 000018FC - 000018FF (0x4 bytes), align: 2
  Segment part 128.           Intra module refs:   main
    -------------------------------------------------------------------------
CODE
  Relative segment, address: 00001900 - 00001903 (0x4 bytes), align: 2
  Segment part 129.           Intra module refs:   main
    -------------------------------------------------------------------------
CODE
  Relative segment, address: 00001904 - 00001907 (0x4 bytes), align: 2
  Segment part 130.           Intra module refs:   main
    -------------------------------------------------------------------------
CODE
  Relative segment, address: 00001908 - 0000190B (0x4 bytes), align: 2
  Segment part 131.           Intra module refs:   FlashDisable
                                                   FlashEnable
                                                   InitSPI
                                                   TestFlash
                                                   main
    -------------------------------------------------------------------------
DATA_ID
  Relative segment, address: 00001A48 - 00001A4B (0x4 bytes), align: 2
  Segment part 26.            Intra module refs:   s_pSpi
    -------------------------------------------------------------------------
DATA_ID
  Relative segment, address: 00001A4C - 00001A4F (0x4 bytes), align: 2
  Segment part 28.            Intra module refs:   s_pPio
    -------------------------------------------------------------------------
DATA_ID
  Relative segment, address: 00001A50 - 00001A53 (0x4 bytes), align: 2
  Segment part 30.            Intra module refs:   s_pPMC
    -------------------------------------------------------------------------
DATA_ID
  Relative segment, address: 00001A54 - 00001A57 (0x4 bytes), align: 2
  Segment part 32.            Intra module refs:   s_pPDC
    -------------------------------------------------------------------------
DATA_ID
  Relative segment, address: 00001A58 - 00001A5B (0x4 bytes), align: 2
  Segment part 36.            Intra module refs:   a_pPMC
    -------------------------------------------------------------------------
DATA_ID
  Relative segment, address: 00001A5C - 00001A5F (0x4 bytes), align: 2
  Segment part 38.            Intra module refs:   a_pPio
    -------------------------------------------------------------------------
DATA_ID
  Relative segment, address: 00001A60 - 00001A63 (0x4 bytes), align: 2
  Segment part 40.            Intra module refs:   a_pSys
    -------------------------------------------------------------------------
DATA_ID
  Relative segment, address: 00001A64 - 00001A67 (0x4 bytes), align: 2
  Segment part 42.            Intra module refs:   u_pPio
    -------------------------------------------------------------------------
DATA_ID
  Relative segment, address: 00001A68 - 00001A6B (0x4 bytes), align: 2
  Segment part 44.            Intra module refs:   u_pPMC
    -------------------------------------------------------------------------
DATA_ID
  Relative segment, address: 00001A6C - 00001A6F (0x4 bytes), align: 2
  Segment part 46.            Intra module refs:   u_pUSART0
    -------------------------------------------------------------------------
DATA_ID
  Relative segment, address: 00001A70 - 00001A73 (0x4 bytes), align: 2
  Segment part 50.            Intra module refs:   u_pPDC0
    -------------------------------------------------------------------------
DATA_ID
  Relative segment, address: 00001A74 - 00001A77 (0x4 bytes), align: 2
  Segment part 58.            Intra module refs:   m_pRSTC
    -------------------------------------------------------------------------
DATA_ID
  Relative segment, address: 00001A78 - 00001A83 (0xc bytes), align: 2
  Segment part 60.            Intra module refs:   WriteBuffer
    -------------------------------------------------------------------------
INITTAB
  Relative segment, address: 00001A30 - 00001A3B (0xc bytes), align: 2
  Segment part 148. ROOT.
           ENTRY                   ADDRESS         REF BY
           =====                   =======         ======
           ?init?tab?DATA_I        00001A30 
    -------------------------------------------------------------------------
INITTAB
  Relative segment, address: 00001A3C - 00001A47 (0xc bytes), align: 2
  Segment part 149. ROOT.
           ENTRY                   ADDRESS         REF BY
           =====                   =======         ======
           ?init?tab?DATA_Z        00001A3C 
    -------------------------------------------------------------------------
DATA_C
  Relative segment, address: 00001AF0 - 00001AFF (0x10 bytes), align: 2
  Segment part 2.             Intra module refs:   FlashReadArray

    *************************************************************************

  FILE NAME : C:\Program Files\IAR Systems\Embedded Workbench 4.0\ARM\LIB\dl4tpainl8n.r79
  LIBRARY MODULE, NAME : ?segment_init

  SEGMENTS IN THE MODULE
  ======================
ICODE
  Relative segment, address: 000001B0 - 0000020F (0x60 bytes), align: 2
  Segment part 2.
           ENTRY                   ADDRESS         REF BY
           =====                   =======         ======
           __segment_init          000001B0        Segment part 2 (?RESET)
               stack 1 = 00000000 ( 00000018 )

    -------------------------------------------------------------------------
  LIBRARY MODULE, NAME : ?memcpy

  SEGMENTS IN THE MODULE
  ======================
CODE
  Relative segment, address: 0000190C - 0000192B (0x20 bytes), align: 2
  Segment part 3.
           ENTRY                   ADDRESS         REF BY
           =====                   =======         ======
           memcpy                  0000190C        __segment_init (?segment_init)

    -------------------------------------------------------------------------
  LIBRARY MODULE, NAME : ?memset

  SEGMENTS IN THE MODULE
  ======================
CODE
  Relative segment, address: 0000192C - 0000194B (0x20 bytes), align: 2
  Segment part 3.
           ENTRY                   ADDRESS         REF BY
           =====                   =======         ======
           memset                  0000192C        __segment_init (?segment_init)

    -------------------------------------------------------------------------
  LIBRARY MODULE, NAME : ?div_module

  SEGMENTS IN THE MODULE
  ======================
CODE
  Relative segment, address: 0000194C - 00001957 (0xc bytes), align: 2
  Segment part 5.
           ENTRY                   ADDRESS         REF BY
           =====                   =======         ======
           ??divu32_a              0000194C        ByteToBuffer (main)
                                                   FlashReadArray (main)
                                                   WriteBufferToMainMemory (main)
    -------------------------------------------------------------------------
CODE
  Relative segment, address: 00001958 - 00001A2F (0xd8 bytes), align: 2
  Segment part 12.            Intra module refs:   ??divu32_a




                ****************************************
                *                                      *
                *            MODULE SUMMARY            *
                *                                      *
                ****************************************

Module            CODE   DATA  CONST
------            ----   ----  -----
                 (Rel)  (Rel)  (Rel)
?RESET             244
?div_module        228
?memcpy             32
?memset             32
?segment_init       96
Cstartup_SAM7      188
dbgu
  + shared           8
hid_enumerate    2 008           108
main             3 868    114     88
  + shared                        12
N/A (alignment)
------           -----    ---    ---
Total:           6 704    114    208


                ****************************************
                *                                      *
                *      SEGMENTS IN ADDRESS ORDER       *
                *                                      *
                ****************************************


SEGMENT              SPACE    START ADDRESS   END ADDRESS     SIZE  TYPE  ALIGN
=======              =====    =============   ===========     ====  ====  =====
ICODE                              00000000 - 0000020F         210   rel    2
CODE                               00000210 - 00001A2F        1820   rel    2
INITTAB                            00001A30 - 00001A47          18   rel    2
DATA_ID                            00001A48 - 00001A83          3C   rel    2
DATA_C                             00001A84 - 00001AFF          7C   rel    2
INTRAMSTART_REMAP                       00200000                     rel    2
DATA_I                             00200000 - 0020003B          3C   rel    2
DATA_Z                             0020003C - 00200071          36   rel    2
INTRAMEND_REMAP                         00204000                     rel    2

                ****************************************
                *                                      *
                *        END OF CROSS REFERENCE        *
                *                                      *
                ****************************************

 6 704 bytes of CODE  memory
   114 bytes of DATA  memory
   208 bytes of CONST memory

Errors: none
Warnings: none

